
  VITE v7.3.2  ready in 5597 ms

  ➜  Local:   http://127.0.0.1:5173/
  ➜  press h + enter to show help
19:34:00 [vite] (client) hmr update /src/index.css
19:34:00 [vite] (client) hmr update /src/index.css
19:34:45 [vite] (client) hmr update /src/index.css
19:34:45 [vite] (client) hmr update /src/index.css
19:34:45 [vite] (client) page reload artifacts/kyuneth-12/preview.html
19:39:49 [vite] (client) page reload src/story/world/referenceArt.ts
19:39:49 [vite] (client) page reload src/story/world/TileLayer.ts
19:39:50 [vite] (client) page reload src/story/world/maps.ts
19:39:50 [vite] (client) page reload src/story/world/referenceArt.ts
19:39:50 [vite] (client) page reload src/story/world/TileLayer.ts
19:39:50 [vite] (client) page reload src/story/storyCharacters.ts
20:06:28 [vite] (client) page reload src/story/world/referenceArt.ts
20:06:28 [vite] (client) page reload src/story/world/types.ts
20:06:29 [vite] (client) page reload src/story/world/maps.ts
20:06:29 [vite] (client) page reload src/story/world/referenceArt.ts
20:06:29 [vite] (client) page reload src/story/world/WorldRenderer.ts
20:08:01 [vite] (client) page reload src/story/assets/kyuneth-buildings-trees.png
20:08:05 [vite] (client) page reload src/story/assets/kyuneth-daily-life.png
20:08:10 [vite] (client) page reload src/story/assets/kyuneth-props.png
20:08:15 [vite] (client) page reload src/story/assets/kyuneth-residents.png
20:08:18 [vite] (client) page reload src/story/assets/kyuneth-terrain.png
20:08:21 [vite] (client) page reload src/story/assets/kyuneth-traveler-walk.png
20:08:46 [vite] (client) hmr update /src/index.css
20:08:46 [vite] (client) hmr update /src/index.css
20:12:16 [vite] (client) page reload src/story/world/referenceArt.ts
20:12:16 [vite] (client) page reload artifacts/kyuneth-12/characters.html
20:13:39 [vite] (client) page reload src/story/storyPlayer.ts
20:13:39 [vite] (client) hmr update /src/index.css, /src/story/IntroCutsceneState.tsx
20:13:39 [vite] (client) page reload src/story/world/maps.ts
20:13:39 [vite] (client) page reload src/story/world/WorldRenderer.ts
20:13:39 [vite] (client) page reload src/story/world/referenceArt.ts
20:14:00 [vite] (client) hmr update /src/index.css
20:16:35 [vite] (client) page reload src/story/world/referenceArt.ts
20:16:35 [vite] (client) page reload artifacts/kyuneth-12/verification.html
20:18:11 [vite] (client) hmr update /src/index.css
20:18:37 [vite] (client) hmr update /src/index.css
20:18:37 [vite] (client) hmr update /src/index.css
20:18:37 [vite] (client) page reload dist/index.html
20:18:37 [vite] (client) hmr update /src/index.css
20:18:37 [vite] (client) hmr update /src/index.css
20:18:44 [vite] (client) page reload dist/index.html
20:18:44 [vite] (client) page reload dist/index.html
20:19:24 [vite] (client) hmr update /src/index.css
20:19:24 [vite] (client) hmr update /src/index.css
20:20:20 [vite] (client) hmr update /src/index.css
20:20:20 [vite] (client) hmr update /src/index.css
20:23:14 [vite] (client) hmr update /src/index.css
20:23:14 [vite] (client) hmr update /src/index.css
20:26:22 [vite] (client) hmr update /src/index.css
20:26:22 [vite] (client) hmr update /src/index.css
20:26:22 [vite] (client) hmr update /src/index.css
20:26:22 [vite] (client) hmr update /src/index.css
20:26:22 [vite] (client) hmr update /src/index.css
20:26:22 [vite] (client) hmr update /src/index.css
20:26:22 [vite] (client) hmr update /src/index.css
20:26:22 [vite] (client) hmr update /src/index.css
20:26:22 [vite] (client) hmr update /src/index.css
20:47:21 [vite] (client) page reload src/story/world/referenceArt.ts
20:47:21 [vite] (client) page reload src/story/world/referenceArt.ts
20:47:48 [vite] (client) page reload src/story/world/WorldRenderer.ts
20:48:13 [vite] (client) page reload src/story/storyCharacters.ts
20:52:20 [vite] (client) page reload artifacts/kyuneth-13/characters.html
20:52:20 [vite] (client) page reload artifacts/kyuneth-13/characters.html
20:52:53 [vite] (client) page reload artifacts/kyuneth-13/characters.html
20:53:02 [vite] (client) page reload artifacts/kyuneth-13/characters.html
20:53:08 [vite] (client) page reload artifacts/kyuneth-13/characters.html
20:55:10 [vite] (client) page reload src/story/characters/animals.ts
20:55:10 [vite] (client) page reload src/story/characters/animals.ts
20:55:38 [vite] (client) page reload src/story/characters/atlas.ts
20:55:56 [vite] (client) page reload src/story/characters/animals.ts
20:56:27 [vite] (client) page reload src/story/characters/animals.ts
20:57:42 [vite] (client) hmr update /src/index.css
20:57:42 [vite] (client) page reload dist/index.html
20:57:42 [vite] (client) hmr update /src/index.css
20:57:42 [vite] (client) hmr update /src/index.css
20:57:42 [vite] (client) hmr update /src/index.css
20:57:42 [vite] (client) hmr update /src/index.css
20:57:42 [vite] (client) hmr update /src/index.css
20:57:44 [vite] (client) page reload dist/index.html
20:57:44 [vite] (client) page reload dist/index.html
20:58:14 [vite] (client) hmr update /src/index.css
20:59:28 [vite] (client) page reload src/story/world/referenceArt.ts
20:59:28 [vite] (client) page reload src/story/world/referenceArt.ts
20:59:39 [vite] (client) hmr update /src/index.css
21:00:45 [vite] (client) hmr update /src/index.css
21:00:45 [vite] (client) hmr update /src/index.css
21:00:45 [vite] (client) hmr update /src/index.css
21:00:45 [vite] (client) page reload dist/index.html
21:00:47 [vite] (client) page reload dist/index.html
21:00:47 [vite] (client) page reload dist/index.html
21:01:34 [vite] (client) page reload src/story/characters/protagonist.ts
21:01:34 [vite] (client) page reload src/story/characters/protagonist.ts
21:02:12 [vite] (client) page reload src/story/characters/renderer.ts
21:03:08 [vite] (client) hmr update /src/index.css
21:03:09 [vite] (client) hmr update /src/index.css
21:03:26 [vite] (client) hmr update /src/index.css
21:03:35 [vite] (client) hmr update /src/index.css
21:03:58 [vite] (client) hmr update /src/index.css
21:03:58 [vite] (client) hmr update /src/index.css
21:03:58 [vite] (client) page reload dist/index.html
21:03:58 [vite] (client) hmr update /src/index.css
21:03:58 [vite] (client) hmr update /src/index.css
21:04:00 [vite] (client) page reload dist/index.html
21:04:00 [vite] (client) page reload dist/index.html
21:04:15 [vite] (client) hmr update /src/index.css
21:04:52 [vite] (client) page reload src/story/world/WorldRenderer.ts
21:04:52 [vite] (client) page reload src/story/world/WorldRenderer.ts
21:05:24 [vite] (client) hmr update /src/index.css
21:05:24 [vite] (client) hmr update /src/index.css
21:05:24 [vite] (client) hmr update /src/index.css
21:05:24 [vite] (client) page reload dist/index.html
21:05:27 [vite] (client) page reload dist/index.html
21:05:27 [vite] (client) page reload dist/index.html
21:48:27 [vite] (client) page reload src/story/storyCharacters.ts
